[15:05:22] [main/INFO]: Loading Minecraft 1.21.10 with Fabric Loader 0.18.3
[15:05:22] [main/WARN]: Warnings were found!
 - 模組 'Forge Config API Port' (forgeconfigapiport) 21.10.1 建議安裝 所有版本 modmenu，但該版本缺失！
	 - 為了最佳體驗，你應安裝 modmenu 所有版本 版本。
[15:05:22] [main/INFO]: Loading 112 mods:
	- appleskin 3.0.7+mc1.21.9
	- architectury 18.0.6
	- cancel_item_use 1.0.0+1.21.7
	- cardinal-components 7.2.0
	   |-- cardinal-components-base 7.2.0
	   |-- cardinal-components-block 7.2.0
	   |-- cardinal-components-chunk 7.2.0
	   |-- cardinal-components-entity 7.2.0
	   |-- cardinal-components-item 7.2.0
	   |-- cardinal-components-level 7.2.0
	   |-- cardinal-components-scoreboard 7.2.0
	   \-- cardinal-components-world 7.2.0
	- cicada 0.14.3+1.21.9-1.21.10
	   \-- org_yaml_snakeyaml 2.2
	- cloth-config 20.0.149
	   \-- cloth-basic-math 0.6.1
	- duskyblink 1.1.0+1.21.10
	- duskywisp_library 2.1.0+1.21.10
	- endurance 2.0.0+1.21.9
	- fabric-api 0.138.3+1.21.10
	   |-- fabric-api-base 1.0.0+14b92d896f
	   |-- fabric-api-lookup-api-v1 1.6.106+d17682156f
	   |-- fabric-biome-api-v1 16.1.0+c2417d4f6f
	   |-- fabric-block-api-v1 1.1.5+d17682156f
	   |-- fabric-block-view-api-v2 1.0.34+e4fd1b926f
	   |-- fabric-command-api-v2 2.4.0+c0ab2d5d6f
	   |-- fabric-content-registries-v0 10.2.6+b6a242646f
	   |-- fabric-convention-tags-v1 2.1.49+7f945d5b6f
	   |-- fabric-convention-tags-v2 2.17.0+ff7bc77d6f
	   |-- fabric-crash-report-info-v1 0.3.18+33df5e6e6f
	   |-- fabric-data-attachment-api-v1 1.8.33+cd3b9e596f
	   |-- fabric-data-generation-api-v1 23.2.27+d8b85ef16f
	   |-- fabric-dimensions-v1 4.0.22+38b9cc196f
	   |-- fabric-entity-events-v1 2.1.13+fde3702c6f
	   |-- fabric-events-interaction-v0 4.0.36+5ba217126f
	   |-- fabric-game-rule-api-v1 1.1.1+e47eaae56f
	   |-- fabric-item-api-v1 11.5.11+9bce411b6f
	   |-- fabric-item-group-api-v1 4.2.27+86b3ae576f
	   |-- fabric-key-binding-api-v1 1.1.1+b3ba9c486f
	   |-- fabric-lifecycle-events-v1 2.6.9+33df5e6e6f
	   |-- fabric-loot-api-v2 3.0.67+3f89f5a56f
	   |-- fabric-loot-api-v3 2.0.14+d17682156f
	   |-- fabric-message-api-v1 6.1.7+3154c1c86f
	   |-- fabric-model-loading-api-v1 6.0.4+3ffd6ef06f
	   |-- fabric-networking-api-v1 5.1.0+b095d8db6f
	   |-- fabric-object-builder-api-v1 21.1.28+9bce411b6f
	   |-- fabric-particles-v1 4.2.3+a0ee59a46f
	   |-- fabric-recipe-api-v1 8.2.0+39709ef06f
	   |-- fabric-registry-sync-v0 6.1.42+679c8c5c6f
	   |-- fabric-renderer-api-v1 7.2.2+3706cdf36f
	   |-- fabric-renderer-indigo 4.1.3+d7df91576f
	   |-- fabric-rendering-fluids-v1 3.1.38+86b3ae576f
	   |-- fabric-rendering-v1 16.2.0+bee81f016f
	   |-- fabric-resource-conditions-api-v1 5.0.28+33df5e6e6f
	   |-- fabric-resource-loader-v0 3.3.1+d4d4122a6f
	   |-- fabric-resource-loader-v1 1.0.4+14959b836f
	   |-- fabric-screen-api-v1 3.1.0+9c82a7986f
	   |-- fabric-screen-handler-api-v1 1.3.151+d17682156f
	   |-- fabric-serialization-api-v1 1.0.0+d857c9766f
	   |-- fabric-sound-api-v1 1.0.45+328a75ba6f
	   |-- fabric-tag-api-v1 1.2.13+2fa446b26f
	   |-- fabric-transfer-api-v1 6.0.15+79ec2c126f
	   \-- fabric-transitive-access-wideners-v1 6.5.3+41eb43436f
	- fabric-language-kotlin 1.13.7+kotlin.2.2.21
	   |-- org_jetbrains_kotlin_kotlin-reflect 2.2.21
	   |-- org_jetbrains_kotlin_kotlin-stdlib 2.2.21
	   |-- org_jetbrains_kotlin_kotlin-stdlib-jdk7 2.2.21
	   |-- org_jetbrains_kotlin_kotlin-stdlib-jdk8 2.2.21
	   |-- org_jetbrains_kotlinx_atomicfu-jvm 0.29.0
	   |-- org_jetbrains_kotlinx_kotlinx-coroutines-core-jvm 1.10.2
	   |-- org_jetbrains_kotlinx_kotlinx-coroutines-jdk8 1.10.2
	   |-- org_jetbrains_kotlinx_kotlinx-datetime-jvm 0.7.1
	   |-- org_jetbrains_kotlinx_kotlinx-io-bytestring-jvm 0.8.0
	   |-- org_jetbrains_kotlinx_kotlinx-io-core-jvm 0.8.0
	   |-- org_jetbrains_kotlinx_kotlinx-serialization-cbor-jvm 1.9.0
	   |-- org_jetbrains_kotlinx_kotlinx-serialization-core-jvm 1.9.0
	   \-- org_jetbrains_kotlinx_kotlinx-serialization-json-jvm 1.9.0
	- fabricloader 0.18.3
	   \-- mixinextras 0.5.0
	- ferritecore 8.0.2
	- forgeconfigapiport 21.10.1
	   |-- com_electronwill_night-config_core 3.8.3
	   \-- com_electronwill_night-config_toml 3.8.3
	- fzzy_config 0.7.3+1.21.9
	   |-- blue_endless_jankson 1.2.3
	   |-- fabric-permissions-api-v0 0.4.0
	   \-- net_peanuuutz_tomlkt_tomlkt-jvm 0.3.7
	- glitchcore 21.10.0.3
	   \-- net_jodah_typetools 0.6.3
	- grindenchantments 4.0.1+1.21.9-rc1
	   \-- codec-config-api 3.0.2+1.21.4
	- java 21
	- lithium 0.20.0+mc1.21.10
	- lithostitched 1.5.1
	- minecraft 1.21.10
	- mobfilter 0.23.0+1.21.10
	- mr_lukis_grandcapitals 1.1.2
	- noexpensive 1.21.10-1.10.2
	- owo 0.12.24+1.21.9
	   |-- io_wispforest_endec 0.1.11
	   |-- io_wispforest_endec_gson 0.1.6
	   |-- io_wispforest_endec_jankson 0.1.6
	   \-- io_wispforest_endec_netty 0.1.5
	- placeholder-api 2.8.1+1.21.10
	- player_attribute_display 1.0.0
	- puzzleslib 21.10.5
	- throwable_axe 1.0.4+1.21.10
	- timed_modifier_api 1.3.1+1.21.7
	- travelersbackpack 10.10.0
	- wing 1.0.0
	- yet_another_config_lib_v3 3.8.0+1.21.9-fabric
	   |-- com_twelvemonkeys_common_common-image 3.12.0
	   |-- com_twelvemonkeys_common_common-io 3.12.0
	   |-- com_twelvemonkeys_common_common-lang 3.12.0
	   |-- com_twelvemonkeys_imageio_imageio-core 3.12.0
	   |-- com_twelvemonkeys_imageio_imageio-metadata 3.12.0
	   |-- com_twelvemonkeys_imageio_imageio-webp 3.12.0
	   |-- org_quiltmc_parsers_gson 0.2.1
	   \-- org_quiltmc_parsers_json 0.2.1
[15:05:23] [main/INFO]: SpongePowered MIXIN Subsystem Version=0.8.7 Source=file:/C:/Users/heino/Documents/Minecraft/Servers/Fabric%201.21.10/libraries/net/fabricmc/sponge-mixin/0.16.5+mixin.0.8.7/sponge-mixin-0.16.5+mixin.0.8.7.jar Service=Knot/Fabric Env=SERVER
[15:05:23] [main/INFO]: Compatibility level set to JAVA_21
[15:05:23] [main/WARN]: Reference map 'forgeconfigapiport.common.refmap.json' for forgeconfigapiport.common.mixins.json could not be read. If this is a development environment you can ignore this message
[15:05:23] [main/WARN]: Reference map 'forgeconfigapiport.fabric.refmap.json' for forgeconfigapiport.fabric.mixins.json could not be read. If this is a development environment you can ignore this message
[15:05:23] [main/INFO]: Loaded configuration file for Lithium: 163 options available, 0 override(s) found.
[15:05:23] [main/WARN]: Reference map 'yet_another_config_lib_v3.refmap.json' for yacl.mixins.json could not be read. If this is a development environment you can ignore this message
[15:05:23] [main/WARN]: Reference map 'yet_another_config_lib_v3.refmap.json' for yacl-fabric.mixins.json could not be read. If this is a development environment you can ignore this message
[15:05:24] [main/WARN]: Error loading class: net/minecraft/class_471 (java.lang.ClassNotFoundException: net/minecraft/class_471)
[15:05:24] [main/WARN]: @Mixin target net.minecraft.class_471 was not found noexpensive.mixins.json:AnvilScreenMixin from mod noexpensive
[15:05:24] [main/WARN]: Error loading class: xyz/nucleoid/server/translations/impl/language/SystemDelegatedLanguage (java.lang.ClassNotFoundException: xyz/nucleoid/server/translations/impl/language/SystemDelegatedLanguage)
[15:05:24] [main/WARN]: Error loading class: net/fabricmc/fabric/api/client/rendering/v1/EntityModelLayerRegistry$TexturedModelDataProvider (java.lang.ClassNotFoundException: net/fabricmc/fabric/api/client/rendering/v1/EntityModelLayerRegistry$TexturedModelDataProvider)
[15:05:24] [main/INFO]: Initializing MixinExtras via com.llamalad7.mixinextras.service.MixinExtrasServiceImpl(version=0.5.0).
[15:05:35] [Cicada thread 0/INFO]: [cicada] Meow
[15:05:35] [main/INFO]: [STDOUT]: Hello NoExpensive world!
[15:05:35] [main/INFO]: blod: he her
[15:05:36] [main/INFO]: Loaded config player_attribute_display:server_config in 528ms
[15:05:36] [main/INFO]: Constructing components for puzzleslib:common
[15:05:36] [main/INFO]: Registered the FluidEffect with Unique ID of minecraft:water for Water (Fluid Amount Required: 81000) with the ID 0
[15:05:36] [main/INFO]: Registered the FluidEffect with Unique ID of minecraft:lava for Lava (Fluid Amount Required: 81000) with the ID 1
[15:05:36] [main/INFO]: Registered the FluidEffect with Unique ID of travelersbackpack:potion for block.travelersbackpack.potion_still (Fluid Amount Required: 27000) with the ID 2
[15:05:36] [main/INFO]: Registered the FluidEffect with Unique ID of minecraft:milk for Air (Fluid Amount Required: 81000) with the ID 3
[15:05:37] [main/ERROR]: Couldn't load mr_lukis_grandcapitals pack metadata: Pack declares support for version newer than 81, but is missing mandatory fields min_format and max_format
[15:05:37] [main/ERROR]: Couldn't load mr_lukis_grandcapitals pack metadata: Pack declares support for version newer than 81, but is missing mandatory fields min_format and max_format
[15:05:37] [main/INFO]: Environment: Environment[sessionHost=https://sessionserver.mojang.com, servicesHost=https://api.minecraftservices.com, profilesHost=https://api.mojang.com, name=PROD]
[15:05:37] [main/ERROR]: Couldn't load mr_lukis_grandcapitals pack metadata: Pack declares support for version newer than 81, but is missing mandatory fields min_format and max_format
[15:05:39] [main/INFO]: Loaded 1598 recipes
[15:05:39] [main/INFO]: Loaded 1735 advancements
[15:05:40] [main/INFO]: Applied 0 biome modifications to 0 of 65 new biomes in 1.953 ms
[15:05:40] [Server thread/INFO]: [Grind Enchantments] Reading server config.
[15:05:40] [Server thread/INFO]: [MobFilter] Loading configuration
[15:05:40] [Server thread/INFO]: [MobFilter] Log level is INFO
[15:05:40] [Server thread/WARN]: [MobFilter] No rules configured
[15:05:40] [Server thread/INFO]: Starting minecraft server version 1.21.10
[15:05:40] [Server thread/INFO]: Loading properties
[15:05:40] [Server thread/INFO]: Default game type: SURVIVAL
[15:05:40] [Server thread/INFO]: Generating keypair
[15:05:40] [Server thread/INFO]: Starting Minecraft server on *:25565
[15:05:40] [Server thread/INFO]: Using default channel type
[15:05:40] [Server thread/INFO]: Preparing level "world"
[15:05:40] [Server thread/INFO]: Loading 0 persistent chunks...
[15:05:40] [Server thread/INFO]: Preparing spawn area: 100%
[15:05:40] [Server thread/INFO]: Time elapsed: 18 ms
[15:05:40] [Server thread/INFO]: Done (0.484s)! For help, type "help"
[15:06:30] [User Authenticator #1/INFO]: UUID of player DuskyWisp is bd27e6eb-2b7e-40ff-8447-391cd3dc68f7
[15:06:32] [Server thread/INFO]: DuskyWisp[/127.0.0.1:60217] logged in with entity id 66 at (-1487.6169559377156, 63.0, -961.524161829689)
[15:06:32] [Server thread/INFO]: Loading config from file...
[15:06:32] [Server thread/INFO]: DuskyWisp joined the game
[15:54:55] [Server thread/WARN]: DuskyWisp moved wrongly!
[15:58:16] [Server thread/WARN]: DuskyWisp moved wrongly!
[15:59:35] [Server thread/WARN]: DuskyWisp moved wrongly!
[16:01:29] [Server thread/WARN]: DuskyWisp moved wrongly!
[16:33:55] [Server thread/WARN]: DuskyWisp moved wrongly!
[16:35:19] [Server thread/WARN]: DuskyWisp moved wrongly!
[17:33:59] [Server thread/WARN]: DuskyWisp moved wrongly!
[17:38:29] [Server thread/WARN]: DuskyWisp moved too quickly! 36.55674747822923,0.0,0.26286711187174205
[17:39:05] [Server thread/WARN]: DuskyWisp moved too quickly! -15.514044594278403,0.02500000223517418,-0.21948041438156451
[17:39:05] [Server thread/WARN]: DuskyWisp moved too quickly! -15.514042282505898,0.02499999850988388,-0.2194803816764761
[17:40:04] [Server thread/INFO]: [DuskyWisp: Teleported DuskyWisp to 114.500000, 72.500000, 680.500000]
[17:43:58] [Server thread/INFO]: DuskyWisp tried to swim in lava
[17:43:58] [Server thread/INFO]: Created new backpack backup file for DuskyWisp with unique ID travelersbackpack.standard_02.01.2026-17.43.58.dat
[18:40:46] [Server thread/INFO]: DuskyWisp lost connection: Disconnected
[18:40:46] [Server thread/INFO]: DuskyWisp left the game
[18:41:46] [Server thread/INFO]: Server empty for 60 seconds, pausing
[18:43:47] [Server thread/INFO]: Stopping the server
[18:43:47] [Server thread/INFO]: Stopping server
[18:43:47] [Server thread/INFO]: Saving players
[18:43:47] [Server thread/INFO]: Saving worlds
[18:43:47] [Server thread/INFO]: Saving chunks for level 'ServerLevel[world]'/minecraft:overworld
[18:43:47] [Server thread/INFO]: Saving chunks for level 'ServerLevel[world]'/minecraft:the_nether
[18:43:47] [Server thread/INFO]: Saving chunks for level 'ServerLevel[world]'/minecraft:the_end
[18:43:48] [Server thread/INFO]: ThreadedAnvilChunkStorage (world): All chunks are saved
[18:43:48] [Server thread/INFO]: ThreadedAnvilChunkStorage (DIM-1): All chunks are saved
[18:43:48] [Server thread/INFO]: ThreadedAnvilChunkStorage (DIM1): All chunks are saved
[18:43:48] [Server thread/INFO]: ThreadedAnvilChunkStorage: All dimensions are saved
